---
source: tests/output_contracts/json_output.rs
assertion_line: 378
expression: normalize_json(&json)
---
{
  "issues": [
    {
      "id": "ISSUE_ID",
      "title": "Search target",
      "status": "open",
      "priority": 2,
      "issue_type": "task",
      "created_at": "TIMESTAMP",
      "created_by": "ACTOR",
      "updated_at": "TIMESTAMP",
      "source_repo": "SOURCE_REPO",
      "dependency_count": 0,
      "dependent_count": 0
    }
  ],
  "total": 1,
  "limit": 50,
  "offset": 0,
  "has_more": false
}
