---
source: tests/output_contracts/json_output.rs
assertion_line: 300
expression: normalize_json(&json)
---
{
  "id": "ISSUE_ID",
  "title": "New feature request",
  "status": "open",
  "priority": 1,
  "issue_type": "feature",
  "created_at": "TIMESTAMP",
  "created_by": "ACTOR",
  "updated_at": "TIMESTAMP",
  "source_repo": "SOURCE_REPO"
}
