---
source: tests/storage/golden_snapshot.rs
assertion_line: 151
expression: snapshot
---
issue:
  id: storage-golden-1
  title: Golden storage lifecycle updated
  status: closed
  priority: 1
  issue_type: task
  assignee: 
  description: Updated description
  close_reason: completed golden flow
  created_at: 2026-04-22T12:00:00+00:00
  updated_at: <updated_at>
  closed_at: 2026-04-23T08:30:00+00:00
  content_hash: 5d80e117fdad2901036be165d0ddc224d708e2b3bef0255abba3fb9a9b856a2b
jsonl:
{
  "id": "storage-golden-1",
  "title": "Golden storage lifecycle updated",
  "description": "Updated description",
  "status": "closed",
  "priority": 1,
  "issue_type": "task",
  "owner": "storage-review",
  "created_at": "2026-04-22T12:00:00Z",
  "created_by": "golden-create",
  "updated_at": "<updated_at>",
  "closed_at": "2026-04-23T08:30:00Z",
  "close_reason": "completed golden flow",
  "external_ref": "GOLDEN-1",
  "source_repo": "."
}
