---
source: tests/storage/golden_snapshot.rs
expression: snapshot
---
issue:
  id: storage-golden-1
  title: Golden storage lifecycle updated
  status: closed
  priority: 1
  issue_type: task
  assignee: alice
  description: Updated description
  close_reason: completed golden flow
  closed_by_session: golden-session
  created_at: 2026-04-22T12:00:00+00:00
  updated_at: <updated_at>
  closed_at: 2026-04-23T08:30:00+00:00
  content_hash: 68de7a4e48995c1d78f057e7a61e7b46b6f76cf9ec0caaa00b8531f46d10738d
jsonl:
{
  "format_version": 1,
  "id": "storage-golden-1",
  "title": "Golden storage lifecycle updated",
  "description": "Updated description",
  "status": "closed",
  "priority": 1,
  "issue_type": "task",
  "assignee": "alice",
  "owner": "storage-review",
  "estimated_minutes": 30,
  "created_at": "2026-04-22T12:00:00Z",
  "created_by": "golden-create",
  "updated_at": "<updated_at>",
  "closed_at": "2026-04-23T08:30:00Z",
  "close_reason": "completed golden flow",
  "closed_by_session": "golden-session",
  "external_ref": "GOLDEN-1",
  "source_repo": ".",
  "compaction_level": 0,
  "original_size": 0
}
